---
receivers:
    prometheus/prom-51DD18A24964B078B859C27C056C7BFFC51FD202071DFFB01D429B4DE475F1F1:
        config:
            scrape_configs:
                - job_name: 'test_service-prom-51DD18A24964B078B859C27C056C7BFFC51FD202071DFFB01D429B4DE475F1F1'
                  scrape_interval: 1s
                  static_configs:
                      - targets: ['https://localhost:9999']
    filelog/log-A29DA2D29F091564F12277CA2A97CE81BEC87746F851BD5187BDC1DE369D4FD6:
        include:
        - '/var/log/someservicelog'
        include_file_name: false
        include_file_path: true
        start_at: beginning
        storage: file_storage/cursors
    filelog/log-43E515D6DAC91D8BC9C7016017E5E0879BAFDB4209652088D8D380D43919A2F9:
        include:
        - '/var/log/anotherservicelog'
        include_file_name: false
        include_file_path: true
        start_at: beginning
        storage: file_storage/cursors

processors:
    resource/metrics-prom-51DD18A24964B078B859C27C056C7BFFC51FD202071DFFB01D429B4DE475F1F1:
        attributes:
        - key: component
          value: 'test_service'
          action: upsert
    resource/logs-log-A29DA2D29F091564F12277CA2A97CE81BEC87746F851BD5187BDC1DE369D4FD6:
        attributes:
        - key: component
          value: 'logging_uniq1'
          action: upsert
    resource/logs-log-43E515D6DAC91D8BC9C7016017E5E0879BAFDB4209652088D8D380D43919A2F9:
        attributes:
        - key: component
          value: 'logging_uniq2'
          action: upsert

service:
    pipelines:
            metrics/prom-51DD18A24964B078B859C27C056C7BFFC51FD202071DFFB01D429B4DE475F1F1:
                receivers: [prometheus/prom-51DD18A24964B078B859C27C056C7BFFC51FD202071DFFB01D429B4DE475F1F1]
                processors:
                    - memory_limiter
                    - resourcedetection
                    - resource/metrics-prom-51DD18A24964B078B859C27C056C7BFFC51FD202071DFFB01D429B4DE475F1F1
                    - telemetry_stats
                    - batch/metrics
                exporters: [otlp/site, prometheus]
            logs/log-A29DA2D29F091564F12277CA2A97CE81BEC87746F851BD5187BDC1DE369D4FD6:
                receivers: [filelog/log-A29DA2D29F091564F12277CA2A97CE81BEC87746F851BD5187BDC1DE369D4FD6]
                processors:
                    - memory_limiter
                    - resourcedetection
                    - fileresource
                    - resource/logs-log-A29DA2D29F091564F12277CA2A97CE81BEC87746F851BD5187BDC1DE369D4FD6
                    - telemetry_stats
                    - batch/logs
                exporters: [otlp/site]
            logs/log-43E515D6DAC91D8BC9C7016017E5E0879BAFDB4209652088D8D380D43919A2F9:
                receivers: [filelog/log-43E515D6DAC91D8BC9C7016017E5E0879BAFDB4209652088D8D380D43919A2F9]
                processors:
                    - memory_limiter
                    - resourcedetection
                    - fileresource
                    - resource/logs-log-43E515D6DAC91D8BC9C7016017E5E0879BAFDB4209652088D8D380D43919A2F9
                    - telemetry_stats
                    - batch/logs
                exporters: [otlp/site]
